# Chương 12 : Volume Manager advance

### Bài toán : Lưu trữ mysql database trên LVM.


|Hệ điều hành| CentOS7|
|----------|-------|
|2 Ổ đĩa |sda, sdb|
|Lưu mysql database|sdb1|

```
[root@localhost ~]# df -TH
Filesystem             Type      Size  Used Avail Use% Mounted on
/dev/mapper/cl-root    xfs        30G  997M   29G   4% /
devtmpfs               devtmpfs  945M     0  945M   0% /dev
tmpfs                  tmpfs     957M     0  957M   0% /dev/shm
tmpfs                  tmpfs     957M  9.0M  948M   1% /run
tmpfs                  tmpfs     957M     0  957M   0% /sys/fs/cgroup
/dev/sda1              xfs       996M  145M  851M  15% /boot
/dev/mapper/cl-cl_data xfs       6.0G   34M  6.0G   1% /cl/data
tmpfs                  tmpfs     192M     0  192M   0% /run/user/0
```

```
[root@localhost ~]# alias lk='lsblk'
[root@localhost ~]# lk
NAME           MAJ:MIN RM  SIZE RO TYPE MOUNTPOINT
sda              8:0    0   50G  0 disk
├─sda1           8:1    0  953M  0 part /boot
└─sda2           8:2    0 35.4G  0 part
  ├─cl-root    253:0    0   28G  0 lvm  /
  ├─cl-swap    253:1    0  1.9G  0 lvm  [SWAP]
  └─cl-cl_data 253:2    0  5.6G  0 lvm  /cl/data
sdb              8:16   0   20G  0 disk
└─sdb1           8:17   0   10G  0 part
sr0             11:0    1  680M  0 rom
```

```
[root@localhost ~]# fdisk -l /dev/sdb

Disk /dev/sdb: 21.5 GB, 21474836480 bytes, 41943040 sectors
Units = sectors of 1 * 512 = 512 bytes
Sector size (logical/physical): 512 bytes / 512 bytes
I/O size (minimum/optimal): 512 bytes / 512 bytes
Disk label type: dos
Disk identifier: 0xfc265e97

   Device Boot      Start         End      Blocks   Id  System
/dev/sdb1            2048    20973567    10485760   8e  Linux LVM
```

- Tạo LVM Layout :

```
[root@localhost ~]# pvcreate /dev/sdb1
  Physical volume "/dev/sdb1" successfully created.
[root@localhost ~]# vgcreate vgdb /dev/sdb1
  Volume group "vgdb" successfully created
[root@localhost ~]# lvcreate -l 100%FREE -n lvol1 vgdb
  Logical volume "lvol1" created.
[root@localhost ~]# pvs
  PV         VG   Fmt  Attr PSize  PFree
  /dev/sda2  cl   lvm2 a--  35.40g 4.00m
  /dev/sdb1  vgdb lvm2 a--  10.00g    0
[root@localhost ~]# vgs
  VG   #PV #LV #SN Attr   VSize  VFree
  cl     1   3   0 wz--n- 35.40g 4.00m
  vgdb   1   1   0 wz--n- 10.00g    0
[root@localhost ~]# lvs
  LV      VG   Attr       LSize  Pool Origin Data%  Meta%  Move Log Cpy%Sync Convert
  cl_data cl   -wi-ao----  5.59g                                                
  root    cl   -wi-ao---- 27.94g                                                
  swap    cl   -wi-ao----  1.86g                                                
  lvol1   vgdb -wi-a----- 10.00g  
```

- Tạo một file system có định dạng `ext4` trên logical volume và mount nó vào đường dẫn `db` :

```
[root@localhost ~]# mkdir /db
[root@localhost ~]# mkfs.ext4 /dev/vgdb/lvol1
mke2fs 1.42.9 (28-Dec-2013)
Filesystem label=
OS type: Linux
Block size=4096 (log=2)
Fragment size=4096 (log=2)
Stride=0 blocks, Stripe width=0 blocks
655360 inodes, 2620416 blocks
131020 blocks (5.00%) reserved for the super user
First data block=0
Maximum filesystem blocks=2151677952
80 block groups
32768 blocks per group, 32768 fragments per group
8192 inodes per group
Superblock backups stored on blocks:
        32768, 98304, 163840, 229376, 294912, 819200, 884736, 1605632

Allocating group tables: done
Writing inode tables: done
Creating journal (32768 blocks): done
Writing superblocks and filesystem accounting information: done

[root@localhost ~]# mount /dev/vgdb/lvol1 /db
```

- Cài đặt **mysql database** trên filesystem mới :

```
[root@caldera01 ~]# sudo rpm -Uvh http://repo.mysql.com/mysql-community-release-el7-5.noarch.rpm
[root@caldera01 ~]# yum update
[root@caldera01 ~]# sudo yum install mysql-server
[root@caldera01 ~]# vi /etc/my.cnf
[mysqld]
...
datadir=/db/mysql
...
[root@caldera01 ~]# sudo systemctl start mysqld
[root@caldera01 ~]# systemctl status mysqld
[root@caldera01 ~]# systemctl enable mysqld
```

- Từ GitHub, cài đặt một bản mẫu database với các bộ thử nghiệm tích hợp, sử dụng nó để kiểm tra 
dữ liệu các ứng dụng và cơ sở dữ liệu của servers.

```
[root@caldera01 ~]# yum install -y git
[root@caldera01 ~]# git clone https://github.com/datacharmer/test_db.git
[root@caldera01 ~]# cd /db/test_db
```

- Nạp vào dữ liệu để kiểm tra :

`[root@caldera01 ~]# mysql < employees.sql`

- Nếu  bạn muốn cài đặt với 2 bảng đã được phân vùng , chạy :

`[root@caldera01 ~]# mysql < employees_partitioned.sql`

- Chạy bản kiểm thử :

```
[root@localhost test_db]# mysql -t < test_employees_md5.sql
+----------------------+
| INFO                 |
+----------------------+
| TESTING INSTALLATION |
+----------------------+
+--------------+------------------+----------------------------------+
| table_name   | expected_records | expected_crc                     |
+--------------+------------------+----------------------------------+
| employees    |           300024 | 4ec56ab5ba37218d187cf6ab09ce1aa1 |
| departments  |                9 | d1af5e170d2d1591d776d5638d71fc5f |
| dept_manager |               24 | 8720e2f0853ac9096b689c14664f847e |
| dept_emp     |           331603 | ccf6fe516f990bdaa49713fc478701b7 |
| titles       |           443308 | bfa016c472df68e70a03facafa1bc0a8 |
| salaries     |          2844047 | fd220654e95aea1b169624ffe3fca934 |
+--------------+------------------+----------------------------------+
+--------------+------------------+----------------------------------+
| table_name   | found_records    | found_crc                        |
+--------------+------------------+----------------------------------+
| employees    |           300024 | 4ec56ab5ba37218d187cf6ab09ce1aa1 |
| departments  |                9 | d1af5e170d2d1591d776d5638d71fc5f |
| dept_manager |               24 | 8720e2f0853ac9096b689c14664f847e |
| dept_emp     |           331603 | ccf6fe516f990bdaa49713fc478701b7 |
| titles       |           443308 | bfa016c472df68e70a03facafa1bc0a8 |
| salaries     |          2844047 | fd220654e95aea1b169624ffe3fca934 |
+--------------+------------------+----------------------------------+
+--------------+---------------+-----------+
| table_name   | records_match | crc_match |
+--------------+---------------+-----------+
| employees    | OK            | ok        |
| departments  | OK            | ok        |
| dept_manager | OK            | ok        |
| dept_emp     | OK            | ok        |
| titles       | OK            | ok        |
| salaries     | OK            | ok        |
+--------------+---------------+-----------+
+------------------+
| computation_time |
+------------------+
| 00:00:15         |
+------------------+
+---------+--------+
| summary | result |
+---------+--------+
| CRC     | OK     |
| count   | OK     |
+---------+--------+
```

- Nếu muốn thêm 2 LUNs thông qua giao thức iSCSI cho LVM, iSCSI có thể cho phép hệ thống 
sử dụng 2 LUNs ở ngoài như là các ổ đĩa bổ sung, cài đặt thêm 2 ổ `sdc` và `sdd`, mỗi ổ có dung lượng 
20GB.

